// Jest Snapshot v1, https://goo.gl/fbAQLP

exports[`Test Rocket components renders correctly 1`] = `null`;
